Component: ARM Compiler 5.05 update 1 (build 106) Tool: armlink [4d0efa]

==============================================================================

Section Cross References

    startup_lpc11xx.o(STACK) refers (Special) to heapauxi.o(.text) for __use_two_region_memory
    startup_lpc11xx.o(HEAP) refers (Special) to heapauxi.o(.text) for __use_two_region_memory
    startup_lpc11xx.o(RESET) refers (Special) to heapauxi.o(.text) for __use_two_region_memory
    startup_lpc11xx.o(RESET) refers to startup_lpc11xx.o(STACK) for __initial_sp
    startup_lpc11xx.o(RESET) refers to startup_lpc11xx.o(.text) for Reset_Handler
    startup_lpc11xx.o(RESET) refers to sft_tmr.o(.text) for SysTick_Handler
    startup_lpc11xx.o(RESET) refers to dali_master_2nd.o(.text) for TIMER16_0_IRQHandler
    startup_lpc11xx.o(RESET) refers to dali_master_3rd.o(.text) for TIMER16_1_IRQHandler
    startup_lpc11xx.o(RESET) refers to dali_master.o(.text) for TIMER32_0_IRQHandler
    startup_lpc11xx.o(RESET) refers to timer32.o(.text) for TIMER32_1_IRQHandler
    startup_lpc11xx.o(RESET) refers to uart.o(.text) for UART_IRQHandler
    startup_lpc11xx.o(RESET) refers to gpio.o(.text) for PIOINT3_IRQHandler
    startup_lpc11xx.o(.ARM.__at_0x02FC) refers (Special) to heapauxi.o(.text) for __use_two_region_memory
    startup_lpc11xx.o(.text) refers (Special) to heapauxi.o(.text) for __use_two_region_memory
    startup_lpc11xx.o(.text) refers to system_lpc11xx.o(.text) for SystemInit
    startup_lpc11xx.o(.text) refers to __main.o(!!!main) for __main
    startup_lpc11xx.o(.text) refers to startup_lpc11xx.o(HEAP) for Heap_Mem
    startup_lpc11xx.o(.text) refers to startup_lpc11xx.o(STACK) for Stack_Mem
    system_lpc11xx.o(.text) refers to system_lpc11xx.o(.data) for ClockSource
    main.o(.text) refers to i2c1.o(.text) for m24xx_read
    main.o(.text) refers to gpio.o(.text) for GPIOSetDir
    main.o(.text) refers to dali_master.o(.bss) for ChannelData
    main.o(.text) refers to main.o(.data) for aux_press
    main.o(.text) refers to aeabi_sdiv.o(.text) for __aeabi_uidivmod
    main.o(.text) refers to dali_master.o(.text) for CheckSum
    main.o(.text) refers to uart.o(.text) for UARTSend
    main.o(.text) refers to system_lpc11xx.o(.text) for SystemInit
    main.o(.text) refers to timer32.o(.text) for init_timer32
    main.o(.text) refers to wdt.o(.text) for WDTInit
    main.o(.text) refers to system_lpc11xx.o(.data) for SystemFrequency
    main.o(.text) refers to uart.o(.bss) for UARTBuffer
    main.o(.text) refers to dali_master.o(.data) for BlockOption
    main.o(.text) refers to uart.o(.data) for RcvNew
    main.o(.text) refers to sft_tmr.o(.text) for mtimer_conf
    pandali_cmd.o(.text) refers to i2c1.o(.text) for m24xx_read
    pandali_cmd.o(.text) refers to uart.o(.bss) for UARTBuffer
    pandali_cmd.o(.text) refers to dali_master.o(.bss) for ChannelData
    pandali_cmd.o(.text) refers to main.o(.data) for xcode
    pandali_cmd.o(.text) refers to dali_master.o(.text) for CheckSum
    pandali_cmd.o(.text) refers to uart.o(.text) for UARTSend
    pandali_cmd.o(.text) refers to aeabi_sdiv.o(.text) for __aeabi_uidivmod
    pandali_cmd.o(.text) refers to dali_master.o(.data) for masterState
    pandali_cmd.o(.text) refers to dali_master_2nd.o(.data) for masterState_2nd
    pandali_cmd.o(.text) refers to dali_master_2nd.o(.text) for DALI_2nd_Send
    pandali_cmd.o(.text) refers to dali_master_3rd.o(.data) for masterState_3rd
    pandali_cmd.o(.text) refers to dali_master_3rd.o(.text) for DALI_3rd_Send
    pandali_cmd.o(.text) refers to dali_master.o(.constdata) for LDS_Power
    pandali_cmd.o(.text) refers to main.o(.text) for Set_Offset
    pandali_cmd.o(.text) refers to gpio.o(.text) for GPIOSetValue
    pandali_cmd.o(.text) refers to wdt.o(.text) for WDTFeed
    pandali_cmd.o(.text) refers to main.o(.bss) for DaliCirBuffer
    pandali_cmd.o(.text) refers to timer32.o(.data) for TimeCir_1st
    pandali_cmd.o(.text) refers to pandali_cmd.o(.data) for Dim_Ins
    pandali_cmd.o(.data) refers to pandali_cmd.o(.text) for DimIns_Preset
    sft_tmr.o(.text) refers to main.o(.text) for SysTickInit
    sft_tmr.o(.text) refers to sft_tmr.o(.bss) for mt_array
    sft_tmr.o(.text) refers to sft_tmr.o(.data) for mtimer_tick
    sft_tmr_apps.o(.text) refers to sft_tmr.o(.text) for mtimer_create
    sft_tmr_apps.o(.text) refers to main.o(.data) for flag20ms
    sft_tmr_apps.o(.text) refers to sft_tmr_apps.o(.data) for stTimer20ms
    sft_tmr_apps.o(.text) refers to drv_keyscan.o(.text) for KeyScan
    timer32.o(.text) refers to aeabi_sdiv.o(.text) for __aeabi_uidivmod
    timer32.o(.text) refers to system_lpc11xx.o(.data) for SystemAHBFrequency
    timer32.o(.text) refers to main.o(.data) for CheckFlag_1
    timer32.o(.text) refers to dali_master.o(.data) for BlockOption
    timer32.o(.text) refers to timer32.o(.data) for timer32_0_counter
    timer16.o(.text) refers to aeabi_sdiv.o(.text) for __aeabi_uidivmod
    timer16.o(.text) refers to system_lpc11xx.o(.data) for SystemAHBFrequency
    timer16.o(.text) refers to timer16.o(.data) for timer16_0_counter
    wdt.o(.text) refers to wdt.o(.data) for wdt_counter
    gpio.o(.text) refers to dali_master.o(.data) for supply_3rd
    gpio.o(.text) refers to gpio.o(.data) for gpio1_counter
    gpio.o(.text) refers to main.o(.data) for aux_flag
    gpio.o(.text) refers to gpio.o(.constdata) for LPC_GPIO
    uart.o(.text) refers to aeabi_sdiv.o(.text) for __aeabi_uidivmod
    uart.o(.text) refers to dali_master.o(.text) for DelayMS
    uart.o(.text) refers to uart.o(.data) for UARTStatus
    uart.o(.text) refers to uart.o(.bss) for UARTBuffer
    uart.o(.text) refers to system_lpc11xx.o(.data) for SystemAHBFrequency
    dali_master.o(.text) refers to dali_master.o(.bss) for capturedFrame
    dali_master.o(.text) refers to dali_master.o(.data) for usbBackwardFrame
    dali_master.o(.text) refers to aeabi_sdiv.o(.text) for __aeabi_idivmod
    dali_master.o(.text) refers to main.o(.text) for Get_Channel_Param
    dali_master.o(.text) refers to i2c1.o(.text) for m24xx_read
    dali_master.o(.text) refers to uart.o(.text) for UARTSend
    dali_master.o(.text) refers to uart.o(.bss) for UARTBuffer
    dali_master.o(.text) refers to main.o(.data) for Box
    dali_master.o(.text) refers to uart.o(.data) for TriggerNum
    dali_master.o(.text) refers to dali_master.o(.constdata) for ArcPower
    dali_master.o(.text) refers to main.o(.bss) for DaliCirBuffer
    dali_master.o(.text) refers to timer32.o(.data) for TimeCir_1st
    dali_master.o(.text) refers to dali_master_2nd.o(.data) for masterState_2nd
    dali_master.o(.text) refers to dali_master_3rd.o(.data) for masterState_3rd
    dali_master.o(.text) refers to dali_master_2nd.o(.text) for DALI_2nd_Init
    dali_master.o(.text) refers to dali_master_3rd.o(.text) for DALI_3rd_Init
    dali_master.o(.text) refers to sft_tmr_apps.o(.text) for Sft_Init_all_timers
    dali_master.o(.text) refers to sft_tmr.o(.text) for sft_timer_thread
    dali_master.o(.text) refers to pandali_cmd.o(.text) for ProcessCMD
    dali_master.o(.text) refers to drv_keyscan.o(.data) for key_pressed
    dali_master.o(.text) refers to drv_keyscan.o(.bss) for long_press_time
    dali_master.o(.text) refers to system_lpc11xx.o(.data) for SystemFrequency
    dali_master_3rd.o(.text) refers to dali_master.o(.text) for DALI_ConvertForwardFrame
    dali_master_3rd.o(.text) refers to aeabi_sdiv.o(.text) for __aeabi_uidivmod
    dali_master_3rd.o(.text) refers to dali_master_3rd.o(.bss) for capturedFrame_3rd
    dali_master_3rd.o(.text) refers to dali_master_3rd.o(.data) for BackwardFrame_3rd
    dali_master_3rd.o(.text) refers to system_lpc11xx.o(.data) for SystemFrequency
    dali_master_3rd.o(.text) refers to i2c1.o(.text) for m24xx_read
    dali_master_3rd.o(.text) refers to dali_master.o(.data) for ShortAddress
    dali_master_2nd.o(.text) refers to dali_master.o(.text) for DALI_ConvertForwardFrame
    dali_master_2nd.o(.text) refers to aeabi_sdiv.o(.text) for __aeabi_uidivmod
    dali_master_2nd.o(.text) refers to dali_master_2nd.o(.bss) for capturedFrame_2nd
    dali_master_2nd.o(.text) refers to dali_master_2nd.o(.data) for BackwardFrame_2nd
    dali_master_2nd.o(.text) refers to system_lpc11xx.o(.data) for SystemFrequency
    dali_master_2nd.o(.text) refers to i2c1.o(.text) for m24xx_read
    dali_master_2nd.o(.text) refers to dali_master.o(.data) for ShortAddress
    i2c1.o(.text) refers to i2c1.o(i.__ARM_common_switch8) for __ARM_common_switch8
    i2c1.o(.text) refers to aeabi_sdiv.o(.text) for __aeabi_idivmod
    drv_keyscan.o(.text) refers to i2c1.o(i.__ARM_common_switch8) for __ARM_common_switch8
    drv_keyscan.o(.text) refers to gpio.o(.text) for GPIOStatusValue
    drv_keyscan.o(.text) refers to drv_keyscan.o(.data) for scan2
    drv_keyscan.o(.text) refers to drv_keyscan.o(.bss) for long_press_time
    __main.o(!!!main) refers to __rtentry.o(.ARM.Collect$$rtentry$$00000000) for __rt_entry
    __rtentry.o(.ARM.Collect$$rtentry$$00000000) refers (Special) to __rtentry2.o(.ARM.Collect$$rtentry$$0000000A) for __rt_entry_li
    __rtentry.o(.ARM.Collect$$rtentry$$00000000) refers (Special) to __rtentry2.o(.ARM.Collect$$rtentry$$0000000D) for __rt_entry_main
    __rtentry.o(.ARM.Collect$$rtentry$$00000000) refers (Special) to __rtentry2.o(.ARM.Collect$$rtentry$$0000000C) for __rt_entry_postli_1
    __rtentry.o(.ARM.Collect$$rtentry$$00000000) refers (Special) to __rtentry2.o(.ARM.Collect$$rtentry$$00000009) for __rt_entry_postsh_1
    __rtentry.o(.ARM.Collect$$rtentry$$00000000) refers (Special) to __rtentry2.o(.ARM.Collect$$rtentry$$00000002) for __rt_entry_presh_1
    __rtentry.o(.ARM.Collect$$rtentry$$00000000) refers (Special) to __rtentry4.o(.ARM.Collect$$rtentry$$00000004) for __rt_entry_sh
    aeabi_idiv0_sigfpe.o(.text) refers to rt_div0.o(.text) for __rt_div0
    __rtentry2.o(.ARM.Collect$$rtentry$$00000008) refers to boardinit2.o(.text) for _platform_post_stackheap_init
    __rtentry2.o(.ARM.Collect$$rtentry$$0000000A) refers to libinit.o(.ARM.Collect$$libinit$$00000000) for __rt_lib_init
    __rtentry2.o(.ARM.Collect$$rtentry$$0000000B) refers to boardinit3.o(.text) for _platform_post_lib_init
    __rtentry2.o(.ARM.Collect$$rtentry$$0000000D) refers to main.o(.text) for main
    __rtentry2.o(.ARM.Collect$$rtentry$$0000000D) refers to exit.o(.text) for exit
    __rtentry2.o(.ARM.exidx) refers to __rtentry2.o(.ARM.Collect$$rtentry$$00000001) for .ARM.Collect$$rtentry$$00000001
    __rtentry2.o(.ARM.exidx) refers to __rtentry2.o(.ARM.Collect$$rtentry$$00000008) for .ARM.Collect$$rtentry$$00000008
    __rtentry2.o(.ARM.exidx) refers to __rtentry2.o(.ARM.Collect$$rtentry$$0000000A) for .ARM.Collect$$rtentry$$0000000A
    __rtentry2.o(.ARM.exidx) refers to __rtentry2.o(.ARM.Collect$$rtentry$$0000000B) for .ARM.Collect$$rtentry$$0000000B
    __rtentry2.o(.ARM.exidx) refers to __rtentry2.o(.ARM.Collect$$rtentry$$0000000D) for .ARM.Collect$$rtentry$$0000000D
    __rtentry4.o(.ARM.Collect$$rtentry$$00000004) refers to sys_stackheap_outer.o(.text) for __user_setup_stackheap
    __rtentry4.o(.ARM.exidx) refers to __rtentry4.o(.ARM.Collect$$rtentry$$00000004) for .ARM.Collect$$rtentry$$00000004
    rt_div0.o(.text) refers to defsig_fpe_outer.o(.text) for __rt_SIGFPE
    sys_stackheap_outer.o(.text) refers to libspace.o(.text) for __user_perproc_libspace
    sys_stackheap_outer.o(.text) refers to startup_lpc11xx.o(.text) for __user_initial_stackheap
    sys_stackheap_outer.o(__vectab_stack_and_reset_area) refers to tempstk.o(.text) for __temporary_stack_top
    sys_stackheap_outer.o(__vectab_stack_and_reset_area) refers to __main.o(!!!main) for __main
    exit.o(.text) refers to rtexit.o(.ARM.Collect$$rtexit$$00000000) for __rt_exit
    defsig_fpe_outer.o(.text) refers to defsig_fpe_inner.o(.text) for __rt_SIGFPE_inner
    defsig_fpe_outer.o(.text) refers to defsig_exit.o(.text) for __sig_exit
    defsig_fpe_formal.o(.text) refers to rt_raise.o(.text) for __rt_raise
    libinit.o(.ARM.Collect$$libinit$$00000000) refers (Special) to libinit2.o(.ARM.Collect$$libinit$$0000002E) for __rt_lib_init_alloca_1
    libinit.o(.ARM.Collect$$libinit$$00000000) refers (Special) to libinit2.o(.ARM.Collect$$libinit$$0000002C) for __rt_lib_init_argv_1
    libinit.o(.ARM.Collect$$libinit$$00000000) refers (Special) to libinit2.o(.ARM.Collect$$libinit$$0000001B) for __rt_lib_init_atexit_1
    libinit.o(.ARM.Collect$$libinit$$00000000) refers (Special) to libinit2.o(.ARM.Collect$$libinit$$00000021) for __rt_lib_init_clock_1
    libinit.o(.ARM.Collect$$libinit$$00000000) refers (Special) to libinit2.o(.ARM.Collect$$libinit$$00000032) for __rt_lib_init_cpp_1
    libinit.o(.ARM.Collect$$libinit$$00000000) refers (Special) to libinit2.o(.ARM.Collect$$libinit$$00000030) for __rt_lib_init_exceptions_1
    libinit.o(.ARM.Collect$$libinit$$00000000) refers (Special) to libinit2.o(.ARM.Collect$$libinit$$00000002) for __rt_lib_init_fp_1
    libinit.o(.ARM.Collect$$libinit$$00000000) refers (Special) to libinit2.o(.ARM.Collect$$libinit$$0000001F) for __rt_lib_init_fp_trap_1
    libinit.o(.ARM.Collect$$libinit$$00000000) refers (Special) to libinit2.o(.ARM.Collect$$libinit$$00000023) for __rt_lib_init_getenv_1
    libinit.o(.ARM.Collect$$libinit$$00000000) refers (Special) to libinit2.o(.ARM.Collect$$libinit$$0000000A) for __rt_lib_init_heap_1
    libinit.o(.ARM.Collect$$libinit$$00000000) refers (Special) to libinit2.o(.ARM.Collect$$libinit$$00000011) for __rt_lib_init_lc_collate_1
    libinit.o(.ARM.Collect$$libinit$$00000000) refers (Special) to libinit2.o(.ARM.Collect$$libinit$$00000013) for __rt_lib_init_lc_ctype_1
    libinit.o(.ARM.Collect$$libinit$$00000000) refers (Special) to libinit2.o(.ARM.Collect$$libinit$$00000015) for __rt_lib_init_lc_monetary_1
    libinit.o(.ARM.Collect$$libinit$$00000000) refers (Special) to libinit2.o(.ARM.Collect$$libinit$$00000017) for __rt_lib_init_lc_numeric_1
    libinit.o(.ARM.Collect$$libinit$$00000000) refers (Special) to libinit2.o(.ARM.Collect$$libinit$$00000019) for __rt_lib_init_lc_time_1
    libinit.o(.ARM.Collect$$libinit$$00000000) refers (Special) to libinit2.o(.ARM.Collect$$libinit$$00000004) for __rt_lib_init_preinit_1
    libinit.o(.ARM.Collect$$libinit$$00000000) refers (Special) to libinit2.o(.ARM.Collect$$libinit$$0000000E) for __rt_lib_init_rand_1
    libinit.o(.ARM.Collect$$libinit$$00000000) refers (Special) to libinit2.o(.ARM.Collect$$libinit$$00000033) for __rt_lib_init_return
    libinit.o(.ARM.Collect$$libinit$$00000000) refers (Special) to libinit2.o(.ARM.Collect$$libinit$$0000001D) for __rt_lib_init_signal_1
    libinit.o(.ARM.Collect$$libinit$$00000000) refers (Special) to libinit2.o(.ARM.Collect$$libinit$$00000025) for __rt_lib_init_stdio_1
    libinit.o(.ARM.Collect$$libinit$$00000000) refers (Special) to libinit2.o(.ARM.Collect$$libinit$$0000000C) for __rt_lib_init_user_alloc_1
    libspace.o(.text) refers to libspace.o(.bss) for __libspace_start
    rtexit.o(.ARM.Collect$$rtexit$$00000000) refers (Special) to rtexit2.o(.ARM.Collect$$rtexit$$00000004) for __rt_exit_exit
    rtexit.o(.ARM.Collect$$rtexit$$00000000) refers (Special) to rtexit2.o(.ARM.Collect$$rtexit$$00000003) for __rt_exit_ls
    rtexit.o(.ARM.Collect$$rtexit$$00000000) refers (Special) to rtexit2.o(.ARM.Collect$$rtexit$$00000002) for __rt_exit_prels_1
    rtexit.o(.ARM.exidx) refers (Special) to rtexit2.o(.ARM.Collect$$rtexit$$00000004) for __rt_exit_exit
    rtexit.o(.ARM.exidx) refers (Special) to rtexit2.o(.ARM.Collect$$rtexit$$00000003) for __rt_exit_ls
    rtexit.o(.ARM.exidx) refers (Special) to rtexit2.o(.ARM.Collect$$rtexit$$00000002) for __rt_exit_prels_1
    rtexit.o(.ARM.exidx) refers to rtexit.o(.ARM.Collect$$rtexit$$00000000) for .ARM.Collect$$rtexit$$00000000
    rt_raise.o(.text) refers to __raise.o(.text) for __raise
    rt_raise.o(.text) refers to sys_exit.o(.text) for _sys_exit
    defsig_exit.o(.text) refers to sys_exit.o(.text) for _sys_exit
    defsig_fpe_inner.o(.text) refers to defsig_general.o(.text) for __default_signal_display
    libinit2.o(.ARM.Collect$$libinit$$00000010) refers to libinit2.o(.ARM.Collect$$libinit$$0000000F) for .ARM.Collect$$libinit$$0000000F
    libinit2.o(.ARM.Collect$$libinit$$00000012) refers to libinit2.o(.ARM.Collect$$libinit$$0000000F) for .ARM.Collect$$libinit$$0000000F
    libinit2.o(.ARM.Collect$$libinit$$00000014) refers to libinit2.o(.ARM.Collect$$libinit$$0000000F) for .ARM.Collect$$libinit$$0000000F
    libinit2.o(.ARM.Collect$$libinit$$00000016) refers to libinit2.o(.ARM.Collect$$libinit$$0000000F) for .ARM.Collect$$libinit$$0000000F
    libinit2.o(.ARM.Collect$$libinit$$00000018) refers to libinit2.o(.ARM.Collect$$libinit$$0000000F) for .ARM.Collect$$libinit$$0000000F
    libinit2.o(.ARM.Collect$$libinit$$00000026) refers to argv_veneer.o(.text) for __ARM_argv_veneer
    libinit2.o(.ARM.Collect$$libinit$$00000027) refers to argv_veneer.o(.text) for __ARM_argv_veneer
    sys_exit.o(.text) refers (Special) to use_no_semi.o(.text) for __I$use$semihosting
    sys_exit.o(.text) refers (Special) to indicate_semi.o(.text) for __semihosting_library_function
    rtexit2.o(.ARM.Collect$$rtexit$$00000003) refers to libshutdown.o(.ARM.Collect$$libshutdown$$00000000) for __rt_lib_shutdown
    rtexit2.o(.ARM.Collect$$rtexit$$00000004) refers to sys_exit.o(.text) for _sys_exit
    rtexit2.o(.ARM.exidx) refers to rtexit2.o(.ARM.Collect$$rtexit$$00000001) for .ARM.Collect$$rtexit$$00000001
    rtexit2.o(.ARM.exidx) refers to rtexit2.o(.ARM.Collect$$rtexit$$00000003) for .ARM.Collect$$rtexit$$00000003
    rtexit2.o(.ARM.exidx) refers to rtexit2.o(.ARM.Collect$$rtexit$$00000004) for .ARM.Collect$$rtexit$$00000004
    __raise.o(.text) refers to defsig.o(CL$$defsig) for __default_signal_handler
    defsig_general.o(.text) refers to sys_wrch.o(.text) for _ttywrch
    sys_wrch.o(.text) refers (Special) to use_no_semi.o(.text) for __I$use$semihosting
    sys_wrch.o(.text) refers (Special) to indicate_semi.o(.text) for __semihosting_library_function
    defsig.o(CL$$defsig) refers to defsig_fpe_inner.o(.text) for __rt_SIGFPE_inner
    defsig.o(CL$$defsig) refers to defsig_rtmem_inner.o(.text) for __rt_SIGRTMEM_inner
    _get_argv_nomalloc.o(.text) refers (Special) to hrguard.o(.text) for __heap_region$guard
    _get_argv_nomalloc.o(.text) refers to defsig_rtmem_outer.o(.text) for __rt_SIGRTMEM
    _get_argv_nomalloc.o(.text) refers to sys_command.o(.text) for _sys_command_string
    libshutdown.o(.ARM.Collect$$libshutdown$$00000000) refers (Special) to libshutdown2.o(.ARM.Collect$$libshutdown$$00000006) for __rt_lib_shutdown_fp_trap_1
    libshutdown.o(.ARM.Collect$$libshutdown$$00000000) refers (Special) to libshutdown2.o(.ARM.Collect$$libshutdown$$0000000E) for __rt_lib_shutdown_heap_1
    libshutdown.o(.ARM.Collect$$libshutdown$$00000000) refers (Special) to libshutdown2.o(.ARM.Collect$$libshutdown$$0000000F) for __rt_lib_shutdown_return
    libshutdown.o(.ARM.Collect$$libshutdown$$00000000) refers (Special) to libshutdown2.o(.ARM.Collect$$libshutdown$$00000009) for __rt_lib_shutdown_signal_1
    libshutdown.o(.ARM.Collect$$libshutdown$$00000000) refers (Special) to libshutdown2.o(.ARM.Collect$$libshutdown$$00000003) for __rt_lib_shutdown_stdio_1
    libshutdown.o(.ARM.Collect$$libshutdown$$00000000) refers (Special) to libshutdown2.o(.ARM.Collect$$libshutdown$$0000000B) for __rt_lib_shutdown_user_alloc_1
    sys_command.o(.text) refers (Special) to use_no_semi.o(.text) for __I$use$semihosting
    sys_command.o(.text) refers (Special) to indicate_semi.o(.text) for __semihosting_library_function
    defsig_abrt_inner.o(.text) refers to defsig_general.o(.text) for __default_signal_display
    defsig_rtred_inner.o(.text) refers to defsig_general.o(.text) for __default_signal_display
    defsig_rtmem_inner.o(.text) refers to defsig_general.o(.text) for __default_signal_display
    defsig_rtmem_outer.o(.text) refers to defsig_rtmem_inner.o(.text) for __rt_SIGRTMEM_inner
    defsig_rtmem_outer.o(.text) refers to defsig_exit.o(.text) for __sig_exit
    defsig_rtmem_formal.o(.text) refers to rt_raise.o(.text) for __rt_raise
    defsig_stak_inner.o(.text) refers to defsig_general.o(.text) for __default_signal_display
    defsig_pvfn_inner.o(.text) refers to defsig_general.o(.text) for __default_signal_display
    defsig_cppl_inner.o(.text) refers to defsig_general.o(.text) for __default_signal_display
    defsig_segv_inner.o(.text) refers to defsig_general.o(.text) for __default_signal_display
    defsig_other.o(.text) refers to defsig_general.o(.text) for __default_signal_display


==============================================================================

Removing Unused input sections from the image.

    Removing main.o(.constdata), (16 bytes).
    Removing pandali_cmd.o(.constdata), (16 bytes).
    Removing sft_tmr.o(.constdata), (16 bytes).
    Removing sft_tmr_apps.o(.constdata), (16 bytes).
    Removing timer32.o(.constdata), (16 bytes).
    Removing timer16.o(.text), (1032 bytes).
    Removing timer16.o(.data), (24 bytes).
    Removing uart.o(.constdata), (16 bytes).
    Removing drv_keyscan.o(.constdata), (16 bytes).

9 unused section(s) (total 1168 bytes) removed from the image.

==============================================================================

Image Symbol Table

    Local Symbols

    Symbol Name                              Value     Ov Type        Size  Object(Section)

    RESET                                    0x00000000   Section      192  startup_lpc11xx.o(RESET)
    ../clib/../cmprslib/zerorunl2.c          0x00000000   Number         0  __dczerorl2.o ABSOLUTE
    ../clib/angel/boardlib.s                 0x00000000   Number         0  boardshut.o ABSOLUTE
    ../clib/angel/boardlib.s                 0x00000000   Number         0  boardinit1.o ABSOLUTE
    ../clib/angel/boardlib.s                 0x00000000   Number         0  boardinit3.o ABSOLUTE
    ../clib/angel/boardlib.s                 0x00000000   Number         0  boardinit2.o ABSOLUTE
    ../clib/angel/handlers.s                 0x00000000   Number         0  __scatter_zi.o ABSOLUTE
    ../clib/angel/kernel.s                   0x00000000   Number         0  rtexit.o ABSOLUTE
    ../clib/angel/kernel.s                   0x00000000   Number         0  __rtentry.o ABSOLUTE
    ../clib/angel/kernel.s                   0x00000000   Number         0  __rtentry2.o ABSOLUTE
    ../clib/angel/kernel.s                   0x00000000   Number         0  rtexit2.o ABSOLUTE
    ../clib/angel/kernel.s                   0x00000000   Number         0  __rtentry4.o ABSOLUTE
    ../clib/angel/rt.s                       0x00000000   Number         0  aeabi_idiv0.o ABSOLUTE
    ../clib/angel/rt.s                       0x00000000   Number         0  rt_div0.o ABSOLUTE
    ../clib/angel/rt.s                       0x00000000   Number         0  aeabi_idiv0_sigfpe.o ABSOLUTE
    ../clib/angel/rt.s                       0x00000000   Number         0  rt_raise.o ABSOLUTE
    ../clib/angel/scatterp.s                 0x00000000   Number         0  __scatter.o ABSOLUTE
    ../clib/angel/startup.s                  0x00000000   Number         0  __main.o ABSOLUTE
    ../clib/angel/sys.s                      0x00000000   Number         0  indicate_semi.o ABSOLUTE
    ../clib/angel/sys.s                      0x00000000   Number         0  sys_stackheap_outer.o ABSOLUTE
    ../clib/angel/sys.s                      0x00000000   Number         0  use_no_semi.o ABSOLUTE
    ../clib/angel/sys.s                      0x00000000   Number         0  libspace.o ABSOLUTE
    ../clib/angel/sys.s                      0x00000000   Number         0  tempstk.o ABSOLUTE
    ../clib/angel/sysapp.c                   0x00000000   Number         0  sys_command.o ABSOLUTE
    ../clib/angel/sysapp.c                   0x00000000   Number         0  sys_exit.o ABSOLUTE
    ../clib/angel/sysapp.c                   0x00000000   Number         0  sys_wrch.o ABSOLUTE
    ../clib/armsys.c                         0x00000000   Number         0  _get_argv_nomalloc.o ABSOLUTE
    ../clib/armsys.c                         0x00000000   Number         0  no_argv.o ABSOLUTE
    ../clib/armsys.c                         0x00000000   Number         0  argv_veneer.o ABSOLUTE
    ../clib/division.s                       0x00000000   Number         0  aeabi_sdiv.o ABSOLUTE
    ../clib/division.s                       0x00000000   Number         0  aeabi_sdiv_div0.o ABSOLUTE
    ../clib/heapalloc.c                      0x00000000   Number         0  hrguard.o ABSOLUTE
    ../clib/heapaux.c                        0x00000000   Number         0  heapauxi.o ABSOLUTE
    ../clib/libinit.s                        0x00000000   Number         0  libinit2.o ABSOLUTE
    ../clib/libinit.s                        0x00000000   Number         0  libshutdown.o ABSOLUTE
    ../clib/libinit.s                        0x00000000   Number         0  libshutdown2.o ABSOLUTE
    ../clib/libinit.s                        0x00000000   Number         0  libinit.o ABSOLUTE
    ../clib/signal.c                         0x00000000   Number         0  defsig_abrt_inner.o ABSOLUTE
    ../clib/signal.c                         0x00000000   Number         0  defsig_fpe_formal.o ABSOLUTE
    ../clib/signal.c                         0x00000000   Number         0  defsig_fpe_outer.o ABSOLUTE
    ../clib/signal.c                         0x00000000   Number         0  defsig_rtred_inner.o ABSOLUTE
    ../clib/signal.c                         0x00000000   Number         0  defsig_rtmem_inner.o ABSOLUTE
    ../clib/signal.c                         0x00000000   Number         0  defsig_rtmem_outer.o ABSOLUTE
    ../clib/signal.c                         0x00000000   Number         0  defsig_rtmem_formal.o ABSOLUTE
    ../clib/signal.c                         0x00000000   Number         0  defsig_pvfn_inner.o ABSOLUTE
    ../clib/signal.c                         0x00000000   Number         0  defsig_cppl_inner.o ABSOLUTE
    ../clib/signal.c                         0x00000000   Number         0  defsig_segv_inner.o ABSOLUTE
    ../clib/signal.c                         0x00000000   Number         0  defsig_other.o ABSOLUTE
    ../clib/signal.c                         0x00000000   Number         0  defsig_general.o ABSOLUTE
    ../clib/signal.c                         0x00000000   Number         0  __raise.o ABSOLUTE
    ../clib/signal.c                         0x00000000   Number         0  defsig_stak_inner.o ABSOLUTE
    ../clib/signal.c                         0x00000000   Number         0  defsig_fpe_inner.o ABSOLUTE
    ../clib/signal.c                         0x00000000   Number         0  defsig_exit.o ABSOLUTE
    ../clib/signal.s                         0x00000000   Number         0  defsig.o ABSOLUTE
    ../clib/stdlib.c                         0x00000000   Number         0  exit.o ABSOLUTE
    ../fplib/cfplib/fpinit.c                 0x00000000   Number         0  fpinit.o ABSOLUTE
    dc.s                                     0x00000000   Number         0  dc.o ABSOLUTE
    main\main.c                              0x00000000   Number         0  main.o ABSOLUTE
    src\PanDali_cmd.c                        0x00000000   Number         0  pandali_cmd.o ABSOLUTE
    src\core_cm0.c                           0x00000000   Number         0  core_cm0.o ABSOLUTE
    src\dali_master.c                        0x00000000   Number         0  dali_master.o ABSOLUTE
    src\dali_master_2nd.c                    0x00000000   Number         0  dali_master_2nd.o ABSOLUTE
    src\dali_master_3rd.c                    0x00000000   Number         0  dali_master_3rd.o ABSOLUTE
    src\drv_keyscan.c                        0x00000000   Number         0  drv_keyscan.o ABSOLUTE
    src\gpio.c                               0x00000000   Number         0  gpio.o ABSOLUTE
    src\i2c1.c                               0x00000000   Number         0  i2c1.o ABSOLUTE
    src\sft_tmr.c                            0x00000000   Number         0  sft_tmr.o ABSOLUTE
    src\sft_tmr_apps.c                       0x00000000   Number         0  sft_tmr_apps.o ABSOLUTE
    src\system_LPC11xx.c                     0x00000000   Number         0  system_lpc11xx.o ABSOLUTE
    src\timer16.c                            0x00000000   Number         0  timer16.o ABSOLUTE
    src\timer32.c                            0x00000000   Number         0  timer32.o ABSOLUTE
    src\uart.c                               0x00000000   Number         0  uart.o ABSOLUTE
    src\wdt.c                                0x00000000   Number         0  wdt.o ABSOLUTE
    startup_LPC11xx.s                        0x00000000   Number         0  startup_lpc11xx.o ABSOLUTE
    !!!main                                  0x000000c0   Section        8  __main.o(!!!main)
    !!!scatter                               0x000000c8   Section       60  __scatter.o(!!!scatter)
    !!handler_zi                             0x00000104   Section       28  __scatter_zi.o(!!handler_zi)
    .ARM.Collect$$libinit$$00000000          0x00000120   Section        2  libinit.o(.ARM.Collect$$libinit$$00000000)
    .ARM.Collect$$libinit$$00000002          0x00000122   Section        0  libinit2.o(.ARM.Collect$$libinit$$00000002)
    .ARM.Collect$$libinit$$00000004          0x00000122   Section        0  libinit2.o(.ARM.Collect$$libinit$$00000004)
    .ARM.Collect$$libinit$$0000000A          0x00000122   Section        0  libinit2.o(.ARM.Collect$$libinit$$0000000A)
    .ARM.Collect$$libinit$$0000000C          0x00000122   Section        0  libinit2.o(.ARM.Collect$$libinit$$0000000C)
    .ARM.Collect$$libinit$$0000000E          0x00000122   Section        0  libinit2.o(.ARM.Collect$$libinit$$0000000E)
    .ARM.Collect$$libinit$$00000011          0x00000122   Section        0  libinit2.o(.ARM.Collect$$libinit$$00000011)
    .ARM.Collect$$libinit$$00000013          0x00000122   Section        0  libinit2.o(.ARM.Collect$$libinit$$00000013)
    .ARM.Collect$$libinit$$00000015          0x00000122   Section        0  libinit2.o(.ARM.Collect$$libinit$$00000015)
    .ARM.Collect$$libinit$$00000017          0x00000122   Section        0  libinit2.o(.ARM.Collect$$libinit$$00000017)
    .ARM.Collect$$libinit$$00000019          0x00000122   Section        0  libinit2.o(.ARM.Collect$$libinit$$00000019)
    .ARM.Collect$$libinit$$0000001B          0x00000122   Section        0  libinit2.o(.ARM.Collect$$libinit$$0000001B)
    .ARM.Collect$$libinit$$0000001D          0x00000122   Section        0  libinit2.o(.ARM.Collect$$libinit$$0000001D)
    .ARM.Collect$$libinit$$0000001F          0x00000122   Section        0  libinit2.o(.ARM.Collect$$libinit$$0000001F)
    .ARM.Collect$$libinit$$00000021          0x00000122   Section        0  libinit2.o(.ARM.Collect$$libinit$$00000021)
    .ARM.Collect$$libinit$$00000023          0x00000122   Section        0  libinit2.o(.ARM.Collect$$libinit$$00000023)
    .ARM.Collect$$libinit$$00000025          0x00000122   Section        0  libinit2.o(.ARM.Collect$$libinit$$00000025)
    .ARM.Collect$$libinit$$0000002C          0x00000122   Section        0  libinit2.o(.ARM.Collect$$libinit$$0000002C)
    .ARM.Collect$$libinit$$0000002E          0x00000122   Section        0  libinit2.o(.ARM.Collect$$libinit$$0000002E)
    .ARM.Collect$$libinit$$00000030          0x00000122   Section        0  libinit2.o(.ARM.Collect$$libinit$$00000030)
    .ARM.Collect$$libinit$$00000032          0x00000122   Section        0  libinit2.o(.ARM.Collect$$libinit$$00000032)
    .ARM.Collect$$libinit$$00000033          0x00000122   Section        2  libinit2.o(.ARM.Collect$$libinit$$00000033)
    .ARM.Collect$$libshutdown$$00000000      0x00000124   Section        2  libshutdown.o(.ARM.Collect$$libshutdown$$00000000)
    .ARM.Collect$$libshutdown$$00000003      0x00000126   Section        0  libshutdown2.o(.ARM.Collect$$libshutdown$$00000003)
    .ARM.Collect$$libshutdown$$00000006      0x00000126   Section        0  libshutdown2.o(.ARM.Collect$$libshutdown$$00000006)
    .ARM.Collect$$libshutdown$$00000009      0x00000126   Section        0  libshutdown2.o(.ARM.Collect$$libshutdown$$00000009)
    .ARM.Collect$$libshutdown$$0000000B      0x00000126   Section        0  libshutdown2.o(.ARM.Collect$$libshutdown$$0000000B)
    .ARM.Collect$$libshutdown$$0000000E      0x00000126   Section        0  libshutdown2.o(.ARM.Collect$$libshutdown$$0000000E)
    .ARM.Collect$$libshutdown$$0000000F      0x00000126   Section        2  libshutdown2.o(.ARM.Collect$$libshutdown$$0000000F)
    .ARM.Collect$$rtentry$$00000000          0x00000128   Section        0  __rtentry.o(.ARM.Collect$$rtentry$$00000000)
    .ARM.Collect$$rtentry$$00000002          0x00000128   Section        0  __rtentry2.o(.ARM.Collect$$rtentry$$00000002)
    .ARM.Collect$$rtentry$$00000004          0x00000128   Section        6  __rtentry4.o(.ARM.Collect$$rtentry$$00000004)
    .ARM.Collect$$rtentry$$00000009          0x0000012e   Section        0  __rtentry2.o(.ARM.Collect$$rtentry$$00000009)
    .ARM.Collect$$rtentry$$0000000A          0x0000012e   Section        4  __rtentry2.o(.ARM.Collect$$rtentry$$0000000A)
    .ARM.Collect$$rtentry$$0000000C          0x00000132   Section        0  __rtentry2.o(.ARM.Collect$$rtentry$$0000000C)
    .ARM.Collect$$rtentry$$0000000D          0x00000132   Section        8  __rtentry2.o(.ARM.Collect$$rtentry$$0000000D)
    .ARM.Collect$$rtexit$$00000000           0x0000013a   Section        2  rtexit.o(.ARM.Collect$$rtexit$$00000000)
    .ARM.Collect$$rtexit$$00000002           0x0000013c   Section        0  rtexit2.o(.ARM.Collect$$rtexit$$00000002)
    .ARM.Collect$$rtexit$$00000003           0x0000013c   Section        4  rtexit2.o(.ARM.Collect$$rtexit$$00000003)
    .ARM.Collect$$rtexit$$00000004           0x00000140   Section        6  rtexit2.o(.ARM.Collect$$rtexit$$00000004)
    .text                                    0x00000148   Section       52  startup_lpc11xx.o(.text)
    .text                                    0x0000017c   Section        0  system_lpc11xx.o(.text)
    .text                                    0x00000260   Section        0  wdt.o(.text)
    .text                                    0x000002b4   Section        0  heapauxi.o(.text)
    .text                                    0x000002ba   Section       62  sys_stackheap_outer.o(.text)
    .text                                    0x000002f8   Section        2  use_no_semi.o(.text)
    .text                                    0x000002fa   Section        0  indicate_semi.o(.text)
    .ARM.__at_0x02FC                         0x000002fc   Section        4  startup_lpc11xx.o(.ARM.__at_0x02FC)
    .text                                    0x00000300   Section        0  main.o(.text)
    NVIC_SetPriority                         0x00000301   Thumb Code   110  main.o(.text)
    .text                                    0x00000e9c   Section        0  pandali_cmd.o(.text)
    .text                                    0x00002730   Section        0  sft_tmr.o(.text)
    mtimer_isr                               0x000027d5   Thumb Code    80  sft_tmr.o(.text)
    .text                                    0x000028b0   Section        0  sft_tmr_apps.o(.text)
    .text                                    0x00002a1c   Section        0  timer32.o(.text)
    NVIC_EnableIRQ                           0x00002da1   Thumb Code    14  timer32.o(.text)
    .text                                    0x00002dec   Section        0  gpio.o(.text)
    .text                                    0x000032c4   Section        0  uart.o(.text)
    .text                                    0x00003560   Section        0  dali_master.o(.text)
    DALI_CheckLogicalError                   0x00003579   Thumb Code   178  dali_master.o(.text)
    CompareAndReply                          0x00003ab9   Thumb Code    66  dali_master.o(.text)
    ProgramShortAddress                      0x00003afb   Thumb Code   170  dali_master.o(.text)
    DALI_CheckTimingError                    0x00004bb5   Thumb Code   106  dali_master.o(.text)
    DALI_Init                                0x00004c1f   Thumb Code   112  dali_master.o(.text)
    .text                                    0x00004ce4   Section        0  dali_master_3rd.o(.text)
    DALI_3rd_CheckLogicalError               0x00004ce5   Thumb Code   178  dali_master_3rd.o(.text)
    CompareAndReply_3rd                      0x00005129   Thumb Code    68  dali_master_3rd.o(.text)
    ProgramShortAddress_3rd                  0x0000516d   Thumb Code   170  dali_master_3rd.o(.text)
    DALI_3rd_CheckTimingError                0x000055e1   Thumb Code   106  dali_master_3rd.o(.text)
    .text                                    0x00005668   Section        0  dali_master_2nd.o(.text)
    DALI_2nd_CheckLogicalError               0x00005669   Thumb Code   178  dali_master_2nd.o(.text)
    CompareAndReply_2nd                      0x00005aad   Thumb Code    68  dali_master_2nd.o(.text)
    ProgramShortAddress_2nd                  0x00005af1   Thumb Code   170  dali_master_2nd.o(.text)
    DALI_2nd_CheckTimingError                0x00005f51   Thumb Code   106  dali_master_2nd.o(.text)
    .text                                    0x00005fd0   Section        0  i2c1.o(.text)
    i2c_lpc_wr_byte                          0x0000605f   Thumb Code    30  i2c1.o(.text)
    i2c_lpc_stop                             0x0000607d   Thumb Code    20  i2c1.o(.text)
    i2c_lpc_ctrl                             0x00006091   Thumb Code   102  i2c1.o(.text)
    i2c_lpc_rx_to_buf                        0x000060f7   Thumb Code   148  i2c1.o(.text)
    i2c_lpc_ask_polling_op                   0x0000618b   Thumb Code    96  i2c1.o(.text)
    m24xx_page_size                          0x000061eb   Thumb Code   166  i2c1.o(.text)
    m24xx_set_addr                           0x00006291   Thumb Code   254  i2c1.o(.text)
    i2c_lpc_m24xx_wr                         0x0000638f   Thumb Code   164  i2c1.o(.text)
    .text                                    0x00006584   Section        0  drv_keyscan.o(.text)
    .text                                    0x00006788   Section      346  aeabi_sdiv.o(.text)
    .text                                    0x000068e2   Section        0  exit.o(.text)
    .text                                    0x000068f0   Section        8  libspace.o(.text)
    .text                                    0x000068f8   Section        0  sys_exit.o(.text)
    .text                                    0x00006904   Section        0  __dczerorl2.o(.text)
    i.__ARM_common_switch8                   0x0000695a   Section        0  i2c1.o(i.__ARM_common_switch8)
    .constdata                               0x00006978   Section       16  gpio.o(.constdata)
    LPC_GPIO                                 0x00006978   Data          16  gpio.o(.constdata)
    .constdata                               0x00006988   Section      527  dali_master.o(.constdata)
    LPC_GPIO                                 0x00006988   Data          16  dali_master.o(.constdata)
    .data                                    0x10000000   Section       12  system_lpc11xx.o(.data)
    .data                                    0x1000000c   Section       28  main.o(.data)
    .data                                    0x10000028   Section      253  pandali_cmd.o(.data)
    .data                                    0x10000128   Section        4  sft_tmr.o(.data)
    .data                                    0x1000012c   Section       16  sft_tmr_apps.o(.data)
    .data                                    0x1000013c   Section       29  timer32.o(.data)
    .data                                    0x1000015c   Section        4  wdt.o(.data)
    .data                                    0x10000160   Section       32  gpio.o(.data)
    .data                                    0x10000180   Section       19  uart.o(.data)
    .data                                    0x10000194   Section       36  dali_master.o(.data)
    uartForwardFrameReceived                 0x100001a0   Data           1  dali_master.o(.data)
    uartForwardFrame                         0x100001a2   Data           2  dali_master.o(.data)
    uartBackwardFrame                        0x100001a4   Data           1  dali_master.o(.data)
    uartBackwardFrameAnswer                  0x100001a5   Data           1  dali_master.o(.data)
    answerflag                               0x100001b1   Data           1  dali_master.o(.data)
    bitcount                                 0x100001b2   Data           1  dali_master.o(.data)
    PrevAddress                              0x100001b4   Data           4  dali_master.o(.data)
    .data                                    0x100001b8   Section       20  dali_master_3rd.o(.data)
    usbForwardFrameReceived_3rd              0x100001b8   Data           1  dali_master_3rd.o(.data)
    usbForwardFrame_3rd                      0x100001ba   Data           2  dali_master_3rd.o(.data)
    daliForwardFrame_3rd                     0x100001c0   Data           4  dali_master_3rd.o(.data)
    bitcount                                 0x100001c4   Data           1  dali_master_3rd.o(.data)
    PrevAddress                              0x100001c8   Data           4  dali_master_3rd.o(.data)
    .data                                    0x100001cc   Section       20  dali_master_2nd.o(.data)
    usbForwardFrameReceived_2nd              0x100001cc   Data           1  dali_master_2nd.o(.data)
    usbForwardFrame_2nd                      0x100001ce   Data           2  dali_master_2nd.o(.data)
    daliForwardFrame_2nd                     0x100001d4   Data           4  dali_master_2nd.o(.data)
    bitcount                                 0x100001d8   Data           1  dali_master_2nd.o(.data)
    PrevAddress                              0x100001dc   Data           4  dali_master_2nd.o(.data)
    .data                                    0x100001e0   Section       14  drv_keyscan.o(.data)
    scan1                                    0x100001e8   Data           2  drv_keyscan.o(.data)
    scan2                                    0x100001ea   Data           2  drv_keyscan.o(.data)
    scan3                                    0x100001ec   Data           2  drv_keyscan.o(.data)
    .bss                                     0x100001f0   Section     1542  main.o(.bss)
    .bss                                     0x100007f8   Section      200  sft_tmr.o(.bss)
    .bss                                     0x100008c0   Section       52  uart.o(.bss)
    .bss                                     0x100008f4   Section     4298  dali_master.o(.bss)
    .bss                                     0x100019be   Section       74  dali_master_3rd.o(.bss)
    capturedFrame_3rd                        0x100019be   Data          74  dali_master_3rd.o(.bss)
    .bss                                     0x10001a08   Section       74  dali_master_2nd.o(.bss)
    capturedFrame_2nd                        0x10001a08   Data          74  dali_master_2nd.o(.bss)
    .bss                                     0x10001a54   Section       28  drv_keyscan.o(.bss)
    .bss                                     0x10001a70   Section       96  libspace.o(.bss)
    HEAP                                     0x10001ad0   Section        0  startup_lpc11xx.o(HEAP)
    STACK                                    0x10001ad0   Section      512  startup_lpc11xx.o(STACK)
    Heap_Mem                                 0x10001ad0   Data           0  startup_lpc11xx.o(HEAP)
    Stack_Mem                                0x10001ad0   Data         512  startup_lpc11xx.o(STACK)
    __initial_sp                             0x10001cd0   Data           0  startup_lpc11xx.o(STACK)

    Global Symbols

    Symbol Name                              Value     Ov Type        Size  Object(Section)

    BuildAttributes$$THM_ISAv3M$S$PE$A:L22$X:L11$S22$IEEE1$IW$USESV6$~STKCKD$USESV7$~SHL$OSPACE$ROPI$EBA8$UX$STANDARDLIB$REQ8$PRES8$EABIv2 0x00000000   Number         0  anon$$obj.o ABSOLUTE
    __ARM_use_no_argv                        0x00000000   Number         0  main.o ABSOLUTE
    __Vectors                                0x00000000   Data           4  startup_lpc11xx.o(RESET)
    __ARM_exceptions_init                     - Undefined Weak Reference
    __alloca_initialize                       - Undefined Weak Reference
    __arm_preinit_                            - Undefined Weak Reference
    __cpp_initialize__aeabi_                  - Undefined Weak Reference
    __cxa_finalize                            - Undefined Weak Reference
    __rt_locale                               - Undefined Weak Reference
    __sigvec_lookup                           - Undefined Weak Reference
    _atexit_init                              - Undefined Weak Reference
    _call_atexit_fns                          - Undefined Weak Reference
    _clock_init                               - Undefined Weak Reference
    _fp_trap_init                             - Undefined Weak Reference
    _fp_trap_shutdown                         - Undefined Weak Reference
    _get_lc_collate                           - Undefined Weak Reference
    _get_lc_ctype                             - Undefined Weak Reference
    _get_lc_monetary                          - Undefined Weak Reference
    _get_lc_numeric                           - Undefined Weak Reference
    _get_lc_time                              - Undefined Weak Reference
    _getenv_init                              - Undefined Weak Reference
    _handle_redirection                       - Undefined Weak Reference
    _init_alloc                               - Undefined Weak Reference
    _init_user_alloc                          - Undefined Weak Reference
    _initio                                   - Undefined Weak Reference
    _rand_init                                - Undefined Weak Reference
    _signal_finish                            - Undefined Weak Reference
    _signal_init                              - Undefined Weak Reference
    _terminate_alloc                          - Undefined Weak Reference
    _terminate_user_alloc                     - Undefined Weak Reference
    _terminateio                              - Undefined Weak Reference
    __main                                   0x000000c1   Thumb Code     8  __main.o(!!!main)
    __scatterload                            0x000000c9   Thumb Code     0  __scatter.o(!!!scatter)
    __scatterload_rt2                        0x000000c9   Thumb Code    52  __scatter.o(!!!scatter)
    __scatterload_rt2_thumb_only             0x000000c9   Thumb Code     0  __scatter.o(!!!scatter)
    __scatterload_null                       0x000000d9   Thumb Code     0  __scatter.o(!!!scatter)
    __scatterload_zeroinit                   0x00000105   Thumb Code    28  __scatter_zi.o(!!handler_zi)
    __rt_lib_init                            0x00000121   Thumb Code     0  libinit.o(.ARM.Collect$$libinit$$00000000)
    __rt_lib_init_alloca_1                   0x00000123   Thumb Code     0  libinit2.o(.ARM.Collect$$libinit$$0000002E)
    __rt_lib_init_argv_1                     0x00000123   Thumb Code     0  libinit2.o(.ARM.Collect$$libinit$$0000002C)
    __rt_lib_init_atexit_1                   0x00000123   Thumb Code     0  libinit2.o(.ARM.Collect$$libinit$$0000001B)
    __rt_lib_init_clock_1                    0x00000123   Thumb Code     0  libinit2.o(.ARM.Collect$$libinit$$00000021)
    __rt_lib_init_cpp_1                      0x00000123   Thumb Code     0  libinit2.o(.ARM.Collect$$libinit$$00000032)
    __rt_lib_init_exceptions_1               0x00000123   Thumb Code     0  libinit2.o(.ARM.Collect$$libinit$$00000030)
    __rt_lib_init_fp_1                       0x00000123   Thumb Code     0  libinit2.o(.ARM.Collect$$libinit$$00000002)
    __rt_lib_init_fp_trap_1                  0x00000123   Thumb Code     0  libinit2.o(.ARM.Collect$$libinit$$0000001F)
    __rt_lib_init_getenv_1                   0x00000123   Thumb Code     0  libinit2.o(.ARM.Collect$$libinit$$00000023)
    __rt_lib_init_heap_1                     0x00000123   Thumb Code     0  libinit2.o(.ARM.Collect$$libinit$$0000000A)
    __rt_lib_init_lc_collate_1               0x00000123   Thumb Code     0  libinit2.o(.ARM.Collect$$libinit$$00000011)
    __rt_lib_init_lc_ctype_1                 0x00000123   Thumb Code     0  libinit2.o(.ARM.Collect$$libinit$$00000013)
    __rt_lib_init_lc_monetary_1              0x00000123   Thumb Code     0  libinit2.o(.ARM.Collect$$libinit$$00000015)
    __rt_lib_init_lc_numeric_1               0x00000123   Thumb Code     0  libinit2.o(.ARM.Collect$$libinit$$00000017)
    __rt_lib_init_lc_time_1                  0x00000123   Thumb Code     0  libinit2.o(.ARM.Collect$$libinit$$00000019)
    __rt_lib_init_preinit_1                  0x00000123   Thumb Code     0  libinit2.o(.ARM.Collect$$libinit$$00000004)
    __rt_lib_init_rand_1                     0x00000123   Thumb Code     0  libinit2.o(.ARM.Collect$$libinit$$0000000E)
    __rt_lib_init_return                     0x00000123   Thumb Code     0  libinit2.o(.ARM.Collect$$libinit$$00000033)
    __rt_lib_init_signal_1                   0x00000123   Thumb Code     0  libinit2.o(.ARM.Collect$$libinit$$0000001D)
    __rt_lib_init_stdio_1                    0x00000123   Thumb Code     0  libinit2.o(.ARM.Collect$$libinit$$00000025)
    __rt_lib_init_user_alloc_1               0x00000123   Thumb Code     0  libinit2.o(.ARM.Collect$$libinit$$0000000C)
    __rt_lib_shutdown                        0x00000125   Thumb Code     0  libshutdown.o(.ARM.Collect$$libshutdown$$00000000)
    __rt_lib_shutdown_fp_trap_1              0x00000127   Thumb Code     0  libshutdown2.o(.ARM.Collect$$libshutdown$$00000006)
    __rt_lib_shutdown_heap_1                 0x00000127   Thumb Code     0  libshutdown2.o(.ARM.Collect$$libshutdown$$0000000E)
    __rt_lib_shutdown_return                 0x00000127   Thumb Code     0  libshutdown2.o(.ARM.Collect$$libshutdown$$0000000F)
    __rt_lib_shutdown_signal_1               0x00000127   Thumb Code     0  libshutdown2.o(.ARM.Collect$$libshutdown$$00000009)
    __rt_lib_shutdown_stdio_1                0x00000127   Thumb Code     0  libshutdown2.o(.ARM.Collect$$libshutdown$$00000003)
    __rt_lib_shutdown_user_alloc_1           0x00000127   Thumb Code     0  libshutdown2.o(.ARM.Collect$$libshutdown$$0000000B)
    __rt_entry                               0x00000129   Thumb Code     0  __rtentry.o(.ARM.Collect$$rtentry$$00000000)
    __rt_entry_presh_1                       0x00000129   Thumb Code     0  __rtentry2.o(.ARM.Collect$$rtentry$$00000002)
    __rt_entry_sh                            0x00000129   Thumb Code     0  __rtentry4.o(.ARM.Collect$$rtentry$$00000004)
    __rt_entry_li                            0x0000012f   Thumb Code     0  __rtentry2.o(.ARM.Collect$$rtentry$$0000000A)
    __rt_entry_postsh_1                      0x0000012f   Thumb Code     0  __rtentry2.o(.ARM.Collect$$rtentry$$00000009)
    __rt_entry_main                          0x00000133   Thumb Code     0  __rtentry2.o(.ARM.Collect$$rtentry$$0000000D)
    __rt_entry_postli_1                      0x00000133   Thumb Code     0  __rtentry2.o(.ARM.Collect$$rtentry$$0000000C)
    __rt_exit                                0x0000013b   Thumb Code     0  rtexit.o(.ARM.Collect$$rtexit$$00000000)
    __rt_exit_ls                             0x0000013d   Thumb Code     0  rtexit2.o(.ARM.Collect$$rtexit$$00000003)
    __rt_exit_prels_1                        0x0000013d   Thumb Code     0  rtexit2.o(.ARM.Collect$$rtexit$$00000002)
    __rt_exit_exit                           0x00000141   Thumb Code     0  rtexit2.o(.ARM.Collect$$rtexit$$00000004)
    Reset_Handler                            0x00000149   Thumb Code     8  startup_lpc11xx.o(.text)
    NMI_Handler                              0x00000151   Thumb Code     2  startup_lpc11xx.o(.text)
    HardFault_Handler                        0x00000153   Thumb Code     2  startup_lpc11xx.o(.text)
    SVC_Handler                              0x00000155   Thumb Code     2  startup_lpc11xx.o(.text)
    PendSV_Handler                           0x00000157   Thumb Code     2  startup_lpc11xx.o(.text)
    ADC_IRQHandler                           0x0000015b   Thumb Code     0  startup_lpc11xx.o(.text)
    BOD_IRQHandler                           0x0000015b   Thumb Code     0  startup_lpc11xx.o(.text)
    CAN_IRQHandler                           0x0000015b   Thumb Code     0  startup_lpc11xx.o(.text)
    FMC_IRQHandler                           0x0000015b   Thumb Code     0  startup_lpc11xx.o(.text)
    I2C_IRQHandler                           0x0000015b   Thumb Code     0  startup_lpc11xx.o(.text)
    SSP0_IRQHandler                          0x0000015b   Thumb Code     0  startup_lpc11xx.o(.text)
    SSP1_IRQHandler                          0x0000015b   Thumb Code     0  startup_lpc11xx.o(.text)
    USB_FIQHandler                           0x0000015b   Thumb Code     0  startup_lpc11xx.o(.text)
    USB_IRQHandler                           0x0000015b   Thumb Code     0  startup_lpc11xx.o(.text)
    WAKEUP_IRQHandler                        0x0000015b   Thumb Code     0  startup_lpc11xx.o(.text)
    WDT_IRQHandler                           0x0000015b   Thumb Code     0  startup_lpc11xx.o(.text)
    __user_initial_stackheap                 0x0000015d   Thumb Code     0  startup_lpc11xx.o(.text)
    Main_PLL_Setup                           0x0000017d   Thumb Code   146  system_lpc11xx.o(.text)
    SystemInit                               0x0000020f   Thumb Code    56  system_lpc11xx.o(.text)
    WDTInit                                  0x00000261   Thumb Code    52  wdt.o(.text)
    WDTFeed                                  0x00000295   Thumb Code    12  wdt.o(.text)
    __use_two_region_memory                  0x000002b5   Thumb Code     2  heapauxi.o(.text)
    __rt_heap_escrow$2region                 0x000002b7   Thumb Code     2  heapauxi.o(.text)
    __rt_heap_expand$2region                 0x000002b9   Thumb Code     2  heapauxi.o(.text)
    __user_setup_stackheap                   0x000002bb   Thumb Code    62  sys_stackheap_outer.o(.text)
    __I$use$semihosting                      0x000002f9   Thumb Code     0  use_no_semi.o(.text)
    __use_no_semihosting_swi                 0x000002f9   Thumb Code     2  use_no_semi.o(.text)
    __semihosting_library_function           0x000002fb   Thumb Code     0  indicate_semi.o(.text)
    WDT_CLK_Setup                            0x0000036f   Thumb Code    66  main.o(.text)
    DaliCirBufInit                           0x000003b1   Thumb Code    28  main.o(.text)
    init_channel_data                        0x000003cd   Thumb Code   146  main.o(.text)
    Get_Channel_Param                        0x0000045f   Thumb Code   620  main.o(.text)
    power_supply_dection_init                0x000006cb   Thumb Code   164  main.o(.text)
    SysTickInit                              0x0000076f   Thumb Code    60  main.o(.text)
    BlockRead                                0x000007ab   Thumb Code    60  main.o(.text)
    BlockWrite                               0x000007e7   Thumb Code   132  main.o(.text)
    AUX_Init                                 0x0000086b   Thumb Code    42  main.o(.text)
    Relay_Init                               0x00000895   Thumb Code   156  main.o(.text)
    DeviceInit                               0x00000931   Thumb Code   236  main.o(.text)
    Get_Offset                               0x00000a1d   Thumb Code    90  main.o(.text)
    Set_Offset                               0x00000a77   Thumb Code    62  main.o(.text)
    PresetRecovery                           0x00000ab5   Thumb Code   484  main.o(.text)
    RelayPinSetLow                           0x00000c99   Thumb Code   150  main.o(.text)
    Check_REL                                0x00000d2f   Thumb Code   300  main.o(.text)
    main                                     0x00000e5b   Thumb Code    22  main.o(.text)
    IsAppendAreaAccept                       0x00000e9d   Thumb Code    98  pandali_cmd.o(.text)
    IsAreaAccept                             0x00000eff   Thumb Code    36  pandali_cmd.o(.text)
    DimIns_Preset                            0x00000f23   Thumb Code   388  pandali_cmd.o(.text)
    DimIns_Fade_area_to_off                  0x000010a7   Thumb Code   502  pandali_cmd.o(.text)
    DimIns_Program_level_to_preset           0x0000129d   Thumb Code   106  pandali_cmd.o(.text)
    DimIns_Reset_to_preset                   0x00001307   Thumb Code   184  pandali_cmd.o(.text)
    DimIns_Panic                             0x000013bf   Thumb Code   166  pandali_cmd.o(.text)
    DimIns_Un_panic                          0x00001465   Thumb Code   184  pandali_cmd.o(.text)
    DimIns_Set_air_link                      0x0000151d   Thumb Code   140  pandali_cmd.o(.text)
    DimIns_Clear_air_link                    0x000015a9   Thumb Code    66  pandali_cmd.o(.text)
    DimIns_Save_current_preset               0x000015eb   Thumb Code   154  pandali_cmd.o(.text)
    DimIns_Fade_channel_to_toggle_preset     0x00001685   Thumb Code   186  pandali_cmd.o(.text)
    DimIns_Request_channel_level             0x0000173f   Thumb Code   300  pandali_cmd.o(.text)
    DimIns_Request_current_preset            0x0000186b   Thumb Code   112  pandali_cmd.o(.text)
    DimIns_Fade_to_off                       0x000018db   Thumb Code   580  pandali_cmd.o(.text)
    DimIns_Fade_to_on                        0x00001b1f   Thumb Code   252  pandali_cmd.o(.text)
    DimIns_Stop_fade                         0x00001c1b   Thumb Code   196  pandali_cmd.o(.text)
    DimIns_Fade_channel_level_0_1_sec        0x00001cdf   Thumb Code   166  pandali_cmd.o(.text)
    DimIns_Fade_channel_level_1_sec          0x00001d85   Thumb Code   166  pandali_cmd.o(.text)
    DimIns_Fade_channel_level_1_min          0x00001e2b   Thumb Code   172  pandali_cmd.o(.text)
    DimIns_Preset_offset_and_bank            0x00001ed7   Thumb Code   122  pandali_cmd.o(.text)
    DimIns_Inc_level                         0x00001f51   Thumb Code   238  pandali_cmd.o(.text)
    DimIns_Dec_level                         0x0000203f   Thumb Code   188  pandali_cmd.o(.text)
    CmmssnIns_Setup                          0x000020fb   Thumb Code   332  pandali_cmd.o(.text)
    CmmssnIns_Reboot_Device                  0x00002247   Thumb Code    18  pandali_cmd.o(.text)
    CmmssnIns_Read_EEPROM                    0x00002259   Thumb Code    68  pandali_cmd.o(.text)
    CmmssnIns_Write_EEPROM                   0x0000229d   Thumb Code    54  pandali_cmd.o(.text)
    CmmssnIns_BLOCK_EE_Read_Enable           0x000022d3   Thumb Code    32  pandali_cmd.o(.text)
    CmmssnIns_BLOCK_EE_Write_Enable          0x000022f3   Thumb Code    98  pandali_cmd.o(.text)
    CmmssnIns_Request_Channel_Status         0x00002355   Thumb Code   432  pandali_cmd.o(.text)
    CmmssnIns_Request_Physical_Channel_Level 0x00002505   Thumb Code    54  pandali_cmd.o(.text)
    CmmssnIns_Set_Physical_Channel_Level     0x0000253b   Thumb Code   116  pandali_cmd.o(.text)
    CmmssnIns_DM320_dali_cmd                 0x000025af   Thumb Code    98  pandali_cmd.o(.text)
    ProcessCMD                               0x00002611   Thumb Code   162  pandali_cmd.o(.text)
    mtimer_create                            0x00002731   Thumb Code    76  sft_tmr.o(.text)
    mtimer_start                             0x0000277d   Thumb Code    38  sft_tmr.o(.text)
    mtimer_stop                              0x000027a3   Thumb Code    26  sft_tmr.o(.text)
    mtimer_detach                            0x000027bd   Thumb Code    24  sft_tmr.o(.text)
    mtimer_get_run_tick                      0x00002825   Thumb Code    38  sft_tmr.o(.text)
    sft_timer_thread                         0x0000284b   Thumb Code    58  sft_tmr.o(.text)
    SysTick_Handler                          0x00002885   Thumb Code     8  sft_tmr.o(.text)
    mtimer_conf                              0x0000288d   Thumb Code    22  sft_tmr.o(.text)
    Instead_of_SysTick_Handler_at_v1_02      0x000028b1   Thumb Code    62  sft_tmr_apps.o(.text)
    module_LedBlink                          0x000028ef   Thumb Code    14  sft_tmr_apps.o(.text)
    Sft_Init_all_timers                      0x000028fd   Thumb Code   114  sft_tmr_apps.o(.text)
    app_DelayStart                           0x0000296f   Thumb Code    26  sft_tmr_apps.o(.text)
    SoftDelayStart                           0x00002989   Thumb Code    50  sft_tmr_apps.o(.text)
    delay32Ms                                0x00002a1d   Thumb Code   126  timer32.o(.text)
    TIMER32_1_IRQHandler                     0x00002a9b   Thumb Code    66  timer32.o(.text)
    enable_timer32                           0x00002add   Thumb Code    20  timer32.o(.text)
    disable_timer32                          0x00002af1   Thumb Code    20  timer32.o(.text)
    reset_timer32                            0x00002b05   Thumb Code    34  timer32.o(.text)
    init_timer32                             0x00002b27   Thumb Code   132  timer32.o(.text)
    init_timer32PWM                          0x00002bab   Thumb Code   404  timer32.o(.text)
    setMatch_timer32PWM                      0x00002d3f   Thumb Code    98  timer32.o(.text)
    PIOINT0_IRQHandler                       0x00002ded   Thumb Code    66  gpio.o(.text)
    GPIOIntClear                             0x00002e2f   Thumb Code    88  gpio.o(.text)
    GPIOIntStatus                            0x00002e87   Thumb Code   102  gpio.o(.text)
    PIOINT1_IRQHandler                       0x00002eed   Thumb Code    46  gpio.o(.text)
    PIOINT2_IRQHandler                       0x00002f1b   Thumb Code    36  gpio.o(.text)
    PIOINT3_IRQHandler                       0x00002f3f   Thumb Code    54  gpio.o(.text)
    GPIOInit                                 0x00002f75   Thumb Code    26  gpio.o(.text)
    GPIOSetInterrupt                         0x00002f8f   Thumb Code   446  gpio.o(.text)
    GPIOIntEnable                            0x0000314d   Thumb Code    88  gpio.o(.text)
    GPIOIntDisable                           0x000031a5   Thumb Code   142  gpio.o(.text)
    GPIOSetValue                             0x00003233   Thumb Code    22  gpio.o(.text)
    GPIOSetDir                               0x00003249   Thumb Code    78  gpio.o(.text)
    GPIOStatusValue                          0x00003297   Thumb Code    34  gpio.o(.text)
    UART_IRQHandler                          0x000032c5   Thumb Code   276  uart.o(.text)
    UARTInit                                 0x000033d9   Thumb Code   204  uart.o(.text)
    UARTSend                                 0x000034a5   Thumb Code    88  uart.o(.text)
    uartSendByte                             0x000034fd   Thumb Code    44  uart.o(.text)
    DelayMS                                  0x00003561   Thumb Code    24  dali_master.o(.text)
    DALI_ConvertForwardFrame                 0x0000362b   Thumb Code    46  dali_master.o(.text)
    DALI_CheckWaitForAnswer                  0x00003659   Thumb Code   110  dali_master.o(.text)
    DALI_CheckRepeatCmd                      0x000036c7   Thumb Code    56  dali_master.o(.text)
    For_Decode                               0x000036ff   Thumb Code    92  dali_master.o(.text)
    DALI_Send                                0x0000375b   Thumb Code   110  dali_master.o(.text)
    TIMER32_0_IRQHandler                     0x000037c9   Thumb Code   576  dali_master.o(.text)
    WriteBuffer                              0x00003a09   Thumb Code    52  dali_master.o(.text)
    ReadBuffer                               0x00003a3d   Thumb Code    58  dali_master.o(.text)
    ClearBuffer                              0x00003a77   Thumb Code     6  dali_master.o(.text)
    AddressingLow8bit                        0x00003a7d   Thumb Code    16  dali_master.o(.text)
    AddressingMiddle8bit                     0x00003a8d   Thumb Code    22  dali_master.o(.text)
    AddressingHigh8bit                       0x00003aa3   Thumb Code    22  dali_master.o(.text)
    CheckSum                                 0x00003ba5   Thumb Code    36  dali_master.o(.text)
    EE_Block_Option                          0x00003bc9   Thumb Code   276  dali_master.o(.text)
    Check_Channel                            0x00003cdd   Thumb Code   532  dali_master.o(.text)
    Check_DALI_Send                          0x00003ef1   Thumb Code   374  dali_master.o(.text)
    Enumerate_DALI_Ballast                   0x00004067   Thumb Code   976  dali_master.o(.text)
    Set_Ballast_Param                        0x00004437   Thumb Code   488  dali_master.o(.text)
    DALI_Thread                              0x0000461f   Thumb Code  1430  dali_master.o(.text)
    DALI_3rd_Decode                          0x00004d97   Thumb Code    30  dali_master_3rd.o(.text)
    DALI_3rd_Send                            0x00004db5   Thumb Code   110  dali_master_3rd.o(.text)
    DALI_3rd_Init                            0x00004e23   Thumb Code   112  dali_master_3rd.o(.text)
    For_3rd_Decode                           0x00004e93   Thumb Code    68  dali_master_3rd.o(.text)
    TIMER16_1_IRQHandler                     0x00004ed7   Thumb Code   594  dali_master_3rd.o(.text)
    Enumerate_DALI_Ballast_3rd               0x00005217   Thumb Code   970  dali_master_3rd.o(.text)
    DALI_2nd_Decode                          0x0000571b   Thumb Code    30  dali_master_2nd.o(.text)
    DALI_2nd_Send                            0x00005739   Thumb Code   110  dali_master_2nd.o(.text)
    DALI_2nd_Init                            0x000057a7   Thumb Code   112  dali_master_2nd.o(.text)
    For_2nd_Decode                           0x00005817   Thumb Code    68  dali_master_2nd.o(.text)
    TIMER16_0_IRQHandler                     0x0000585b   Thumb Code   594  dali_master_2nd.o(.text)
    Enumerate_DALI_Ballast_2nd               0x00005b9b   Thumb Code   950  dali_master_2nd.o(.text)
    i2c_lpc_init                             0x00005fd1   Thumb Code   142  i2c1.o(.text)
    m24xx_write                              0x00006433   Thumb Code   166  i2c1.o(.text)
    m24xx_read                               0x000064d9   Thumb Code   172  i2c1.o(.text)
    KeyValue                                 0x00006585   Thumb Code    96  drv_keyscan.o(.text)
    Panel_KeyInit                            0x000065e5   Thumb Code    70  drv_keyscan.o(.text)
    KeyScan                                  0x0000662b   Thumb Code   300  drv_keyscan.o(.text)
    __aeabi_uidiv                            0x00006789   Thumb Code     0  aeabi_sdiv.o(.text)
    __aeabi_uidivmod                         0x00006789   Thumb Code    20  aeabi_sdiv.o(.text)
    __aeabi_idiv                             0x0000679d   Thumb Code     0  aeabi_sdiv.o(.text)
    __aeabi_idivmod                          0x0000679d   Thumb Code   326  aeabi_sdiv.o(.text)
    exit                                     0x000068e3   Thumb Code    12  exit.o(.text)
    __user_libspace                          0x000068f1   Thumb Code     8  libspace.o(.text)
    __user_perproc_libspace                  0x000068f1   Thumb Code     0  libspace.o(.text)
    __user_perthread_libspace                0x000068f1   Thumb Code     0  libspace.o(.text)
    _sys_exit                                0x000068f9   Thumb Code     8  sys_exit.o(.text)
    __decompress                             0x00006905   Thumb Code     0  __dczerorl2.o(.text)
    __decompress1                            0x00006905   Thumb Code    86  __dczerorl2.o(.text)
    __ARM_common_switch8                     0x0000695b   Thumb Code    28  i2c1.o(i.__ARM_common_switch8)
    ArcPower                                 0x00006998   Data         256  dali_master.o(.constdata)
    LDS_Power                                0x00006a98   Data         255  dali_master.o(.constdata)
    Region$$Table$$Base                      0x00006b98   Number         0  anon$$obj.o(Region$$Table)
    Region$$Table$$Limit                     0x00006bb8   Number         0  anon$$obj.o(Region$$Table)
    ClockSource                              0x10000000   Data           4  system_lpc11xx.o(.data)
    SystemFrequency                          0x10000004   Data           4  system_lpc11xx.o(.data)
    SystemAHBFrequency                       0x10000008   Data           4  system_lpc11xx.o(.data)
    xcode                                    0x1000000c   Data           1  main.o(.data)
    bp_flag                                  0x1000000d   Data           1  main.o(.data)
    aux_press                                0x1000000e   Data           1  main.o(.data)
    aux_release                              0x1000000f   Data           1  main.o(.data)
    Tpud                                     0x10000010   Data           1  main.o(.data)
    dali_counter_1st                         0x10000012   Data           2  main.o(.data)
    dali_counter_2nd                         0x10000014   Data           2  main.o(.data)
    dali_counter_3rd                         0x10000016   Data           2  main.o(.data)
    flag20ms                                 0x10000018   Data           4  main.o(.data)
    Check_Change_Flag                        0x1000001c   Data           4  main.o(.data)
    CheckFlag_1                              0x10000020   Data           1  main.o(.data)
    relay_off                                0x10000021   Data           1  main.o(.data)
    aux_flag                                 0x10000022   Data           1  main.o(.data)
    aux_check                                0x10000023   Data           1  main.o(.data)
    Box                                      0x10000024   Data           1  main.o(.data)
    AppendArea                               0x10000025   Data           1  main.o(.data)
    BlockWriteAddr                           0x10000026   Data           2  main.o(.data)
    Dim_Ins                                  0x10000028   Data         168  pandali_cmd.o(.data)
    ucMaxDimIns                              0x100000d0   Data           1  pandali_cmd.o(.data)
    stCmmssnIns                              0x100000d4   Data          80  pandali_cmd.o(.data)
    ucMaxCmmssnInsNum                        0x10000124   Data           1  pandali_cmd.o(.data)
    mtimer_tick                              0x10000128   Data           4  sft_tmr.o(.data)
    stTimer20ms                              0x1000012c   Data           4  sft_tmr_apps.o(.data)
    stKeyscan                                0x10000130   Data           4  sft_tmr_apps.o(.data)
    stLedBlink                               0x10000134   Data           4  sft_tmr_apps.o(.data)
    stCheckSend                              0x10000138   Data           4  sft_tmr_apps.o(.data)
    timer32_0_counter                        0x1000013c   Data           4  timer32.o(.data)
    timer32_1_counter                        0x10000140   Data           4  timer32.o(.data)
    timer32_0_capture                        0x10000144   Data           4  timer32.o(.data)
    timer32_1_capture                        0x10000148   Data           4  timer32.o(.data)
    timer32_0_period                         0x1000014c   Data           4  timer32.o(.data)
    timer32_1_period                         0x10000150   Data           4  timer32.o(.data)
    DALI_Data                                0x10000154   Data           2  timer32.o(.data)
    TimeCir_1st                              0x10000156   Data           1  timer32.o(.data)
    TimeCir_2nd                              0x10000157   Data           1  timer32.o(.data)
    TimeCir_3rd                              0x10000158   Data           1  timer32.o(.data)
    wdt_counter                              0x1000015c   Data           4  wdt.o(.data)
    gpio0_counter                            0x10000160   Data           4  gpio.o(.data)
    gpio1_counter                            0x10000164   Data           4  gpio.o(.data)
    gpio2_counter                            0x10000168   Data           4  gpio.o(.data)
    gpio3_counter                            0x1000016c   Data           4  gpio.o(.data)
    p0_1_counter                             0x10000170   Data           4  gpio.o(.data)
    p1_1_counter                             0x10000174   Data           4  gpio.o(.data)
    p2_1_counter                             0x10000178   Data           4  gpio.o(.data)
    p3_1_counter                             0x1000017c   Data           4  gpio.o(.data)
    UARTStatus                               0x10000180   Data           4  uart.o(.data)
    UARTTxEmpty                              0x10000184   Data           4  uart.o(.data)
    pBuffer                                  0x10000188   Data           4  uart.o(.data)
    UARTCount                                0x1000018c   Data           4  uart.o(.data)
    RcvNew                                   0x10000190   Data           1  uart.o(.data)
    status                                   0x10000191   Data           1  uart.o(.data)
    TriggerNum                               0x10000192   Data           1  uart.o(.data)
    usbForwardFrameReceived                  0x10000194   Data           1  dali_master.o(.data)
    usbForwardFrame                          0x10000196   Data           2  dali_master.o(.data)
    usbBackwardFrame                         0x10000198   Data           1  dali_master.o(.data)
    usbBackwardFrameAnswer                   0x10000199   Data           1  dali_master.o(.data)
    masterState                              0x1000019a   Data           1  dali_master.o(.data)
    waitForAnswer                            0x1000019b   Data           1  dali_master.o(.data)
    daliForwardFrame                         0x1000019c   Data           4  dali_master.o(.data)
    broadcast_flag                           0x100001a6   Data           1  dali_master.o(.data)
    BlockOption                              0x100001a7   Data           1  dali_master.o(.data)
    supply_1st                               0x100001a8   Data           1  dali_master.o(.data)
    supply_2nd                               0x100001a9   Data           1  dali_master.o(.data)
    supply_3rd                               0x100001aa   Data           1  dali_master.o(.data)
    power_on_flag                            0x100001ab   Data           1  dali_master.o(.data)
    exit_block_option                        0x100001ac   Data           4  dali_master.o(.data)
    ShortAddress                             0x100001b0   Data           1  dali_master.o(.data)
    BackwardFrame_3rd                        0x100001bc   Data           1  dali_master_3rd.o(.data)
    usbBackwardFrameAnswer_3rd               0x100001bd   Data           1  dali_master_3rd.o(.data)
    masterState_3rd                          0x100001be   Data           1  dali_master_3rd.o(.data)
    waitForAnswer_3rd                        0x100001bf   Data           1  dali_master_3rd.o(.data)
    BackwardFrame_2nd                        0x100001d0   Data           1  dali_master_2nd.o(.data)
    usbBackwardFrameAnswer_2nd               0x100001d1   Data           1  dali_master_2nd.o(.data)
    masterState_2nd                          0x100001d2   Data           1  dali_master_2nd.o(.data)
    waitForAnswer_2nd                        0x100001d3   Data           1  dali_master_2nd.o(.data)
    key_released                             0x100001e0   Data           2  drv_keyscan.o(.data)
    key_posedge                              0x100001e2   Data           2  drv_keyscan.o(.data)
    key_pressed                              0x100001e4   Data           2  drv_keyscan.o(.data)
    key_negedge                              0x100001e6   Data           2  drv_keyscan.o(.data)
    DaliCirBuffer                            0x100001f0   Data         514  main.o(.bss)
    DaliCirBuffer_2nd                        0x100003f2   Data         514  main.o(.bss)
    DaliCirBuffer_3rd                        0x100005f4   Data         514  main.o(.bss)
    mt_array                                 0x100007f8   Data         200  sft_tmr.o(.bss)
    UARTBuffer                               0x100008c0   Data          20  uart.o(.bss)
    UARTBuf                                  0x100008d4   Data          16  uart.o(.bss)
    UARTSendBuf                              0x100008e4   Data          16  uart.o(.bss)
    capturedFrame                            0x100008f4   Data          74  dali_master.o(.bss)
    ChannelData                              0x1000093e   Data        4224  dali_master.o(.bss)
    long_press_time                          0x10001a54   Data          28  drv_keyscan.o(.bss)
    __libspace_start                         0x10001a70   Data          96  libspace.o(.bss)
    __temporary_stack_top$libspace           0x10001ad0   Data           0  libspace.o(.bss)



==============================================================================

Memory Map of the image

  Image Entry point : 0x000000c1

  Load Region LR_IROM1 (Base: 0x00000000, Size: 0x00006da8, Max: 0x00008000, ABSOLUTE, COMPRESSED[0x00006c6c])

    Execution Region ER_IROM1 (Base: 0x00000000, Size: 0x00006bb8, Max: 0x00008000, ABSOLUTE)

    Base Addr    Size         Type   Attr      Idx    E Section Name        Object

    0x00000000   0x000000c0   Data   RO            3    RESET               startup_lpc11xx.o
    0x000000c0   0x00000008   Code   RO          457  * !!!main             c_p.l(__main.o)
    0x000000c8   0x0000003c   Code   RO          627    !!!scatter          c_p.l(__scatter.o)
    0x00000104   0x0000001c   Code   RO          629    !!handler_zi        c_p.l(__scatter_zi.o)
    0x00000120   0x00000002   Code   RO          495    .ARM.Collect$$libinit$$00000000  c_p.l(libinit.o)
    0x00000122   0x00000000   Code   RO          509    .ARM.Collect$$libinit$$00000002  c_p.l(libinit2.o)
    0x00000122   0x00000000   Code   RO          511    .ARM.Collect$$libinit$$00000004  c_p.l(libinit2.o)
    0x00000122   0x00000000   Code   RO          514    .ARM.Collect$$libinit$$0000000A  c_p.l(libinit2.o)
    0x00000122   0x00000000   Code   RO          516    .ARM.Collect$$libinit$$0000000C  c_p.l(libinit2.o)
    0x00000122   0x00000000   Code   RO          518    .ARM.Collect$$libinit$$0000000E  c_p.l(libinit2.o)
    0x00000122   0x00000000   Code   RO          521    .ARM.Collect$$libinit$$00000011  c_p.l(libinit2.o)
    0x00000122   0x00000000   Code   RO          523    .ARM.Collect$$libinit$$00000013  c_p.l(libinit2.o)
    0x00000122   0x00000000   Code   RO          525    .ARM.Collect$$libinit$$00000015  c_p.l(libinit2.o)
    0x00000122   0x00000000   Code   RO          527    .ARM.Collect$$libinit$$00000017  c_p.l(libinit2.o)
    0x00000122   0x00000000   Code   RO          529    .ARM.Collect$$libinit$$00000019  c_p.l(libinit2.o)
    0x00000122   0x00000000   Code   RO          531    .ARM.Collect$$libinit$$0000001B  c_p.l(libinit2.o)
    0x00000122   0x00000000   Code   RO          533    .ARM.Collect$$libinit$$0000001D  c_p.l(libinit2.o)
    0x00000122   0x00000000   Code   RO          535    .ARM.Collect$$libinit$$0000001F  c_p.l(libinit2.o)
    0x00000122   0x00000000   Code   RO          537    .ARM.Collect$$libinit$$00000021  c_p.l(libinit2.o)
    0x00000122   0x00000000   Code   RO          539    .ARM.Collect$$libinit$$00000023  c_p.l(libinit2.o)
    0x00000122   0x00000000   Code   RO          541    .ARM.Collect$$libinit$$00000025  c_p.l(libinit2.o)
    0x00000122   0x00000000   Code   RO          545    .ARM.Collect$$libinit$$0000002C  c_p.l(libinit2.o)
    0x00000122   0x00000000   Code   RO          547    .ARM.Collect$$libinit$$0000002E  c_p.l(libinit2.o)
    0x00000122   0x00000000   Code   RO          549    .ARM.Collect$$libinit$$00000030  c_p.l(libinit2.o)
    0x00000122   0x00000000   Code   RO          551    .ARM.Collect$$libinit$$00000032  c_p.l(libinit2.o)
    0x00000122   0x00000002   Code   RO          552    .ARM.Collect$$libinit$$00000033  c_p.l(libinit2.o)
    0x00000124   0x00000002   Code   RO          583    .ARM.Collect$$libshutdown$$00000000  c_p.l(libshutdown.o)
    0x00000126   0x00000000   Code   RO          610    .ARM.Collect$$libshutdown$$00000003  c_p.l(libshutdown2.o)
    0x00000126   0x00000000   Code   RO          613    .ARM.Collect$$libshutdown$$00000006  c_p.l(libshutdown2.o)
    0x00000126   0x00000000   Code   RO          616    .ARM.Collect$$libshutdown$$00000009  c_p.l(libshutdown2.o)
    0x00000126   0x00000000   Code   RO          618    .ARM.Collect$$libshutdown$$0000000B  c_p.l(libshutdown2.o)
    0x00000126   0x00000000   Code   RO          621    .ARM.Collect$$libshutdown$$0000000E  c_p.l(libshutdown2.o)
    0x00000126   0x00000002   Code   RO          622    .ARM.Collect$$libshutdown$$0000000F  c_p.l(libshutdown2.o)
    0x00000128   0x00000000   Code   RO          459    .ARM.Collect$$rtentry$$00000000  c_p.l(__rtentry.o)
    0x00000128   0x00000000   Code   RO          465    .ARM.Collect$$rtentry$$00000002  c_p.l(__rtentry2.o)
    0x00000128   0x00000006   Code   RO          477    .ARM.Collect$$rtentry$$00000004  c_p.l(__rtentry4.o)
    0x0000012e   0x00000000   Code   RO          467    .ARM.Collect$$rtentry$$00000009  c_p.l(__rtentry2.o)
    0x0000012e   0x00000004   Code   RO          468    .ARM.Collect$$rtentry$$0000000A  c_p.l(__rtentry2.o)
    0x00000132   0x00000000   Code   RO          470    .ARM.Collect$$rtentry$$0000000C  c_p.l(__rtentry2.o)
    0x00000132   0x00000008   Code   RO          471    .ARM.Collect$$rtentry$$0000000D  c_p.l(__rtentry2.o)
    0x0000013a   0x00000002   Code   RO          500    .ARM.Collect$$rtexit$$00000000  c_p.l(rtexit.o)
    0x0000013c   0x00000000   Code   RO          556    .ARM.Collect$$rtexit$$00000002  c_p.l(rtexit2.o)
    0x0000013c   0x00000004   Code   RO          557    .ARM.Collect$$rtexit$$00000003  c_p.l(rtexit2.o)
    0x00000140   0x00000006   Code   RO          558    .ARM.Collect$$rtexit$$00000004  c_p.l(rtexit2.o)
    0x00000146   0x00000002   PAD
    0x00000148   0x00000034   Code   RO            5    .text               startup_lpc11xx.o
    0x0000017c   0x000000e4   Code   RO           13    .text               system_lpc11xx.o
    0x00000260   0x00000054   Code   RO          274    .text               wdt.o
    0x000002b4   0x00000006   Code   RO          455    .text               c_p.l(heapauxi.o)
    0x000002ba   0x0000003e   Code   RO          481    .text               c_p.l(sys_stackheap_outer.o)
    0x000002f8   0x00000002   Code   RO          572    .text               c_p.l(use_no_semi.o)
    0x000002fa   0x00000000   Code   RO          574    .text               c_p.l(indicate_semi.o)
    0x000002fa   0x00000002   PAD
    0x000002fc   0x00000004   Code   RO            4    .ARM.__at_0x02FC    startup_lpc11xx.o
    0x00000300   0x00000b9c   Code   RO           47    .text               main.o
    0x00000e9c   0x00001894   Code   RO          124    .text               pandali_cmd.o
    0x00002730   0x00000180   Code   RO          184    .text               sft_tmr.o
    0x000028b0   0x0000016c   Code   RO          208    .text               sft_tmr_apps.o
    0x00002a1c   0x000003d0   Code   RO          233    .text               timer32.o
    0x00002dec   0x000004d8   Code   RO          289    .text               gpio.o
    0x000032c4   0x0000029c   Code   RO          306    .text               uart.o
    0x00003560   0x00001784   Code   RO          329    .text               dali_master.o
    0x00004ce4   0x00000984   Code   RO          372    .text               dali_master_3rd.o
    0x00005668   0x00000968   Code   RO          395    .text               dali_master_2nd.o
    0x00005fd0   0x000005b4   Code   RO          415    .text               i2c1.o
    0x00006584   0x00000204   Code   RO          429    .text               drv_keyscan.o
    0x00006788   0x0000015a   Code   RO          451    .text               c_p.l(aeabi_sdiv.o)
    0x000068e2   0x0000000c   Code   RO          484    .text               c_p.l(exit.o)
    0x000068ee   0x00000002   PAD
    0x000068f0   0x00000008   Code   RO          496    .text               c_p.l(libspace.o)
    0x000068f8   0x0000000c   Code   RO          553    .text               c_p.l(sys_exit.o)
    0x00006904   0x00000056   Code   RO          625    .text               c_p.l(__dczerorl2.o)
    0x0000695a   0x0000001c   Code   RO          424    i.__ARM_common_switch8  i2c1.o
    0x00006976   0x00000002   PAD
    0x00006978   0x00000010   Data   RO          290    .constdata          gpio.o
    0x00006988   0x0000020f   Data   RO          331    .constdata          dali_master.o
    0x00006b97   0x00000001   PAD
    0x00006b98   0x00000020   Data   RO          623    Region$$Table       anon$$obj.o


    Execution Region RW_IRAM1 (Base: 0x10000000, Size: 0x00001cd0, Max: 0x00002000, ABSOLUTE, COMPRESSED[0x000000b4])

    Base Addr    Size         Type   Attr      Idx    E Section Name        Object

    0x10000000   0x0000000c   Data   RW           14    .data               system_lpc11xx.o
    0x1000000c   0x0000001c   Data   RW           50    .data               main.o
    0x10000028   0x000000fd   Data   RW          126    .data               pandali_cmd.o
    0x10000125   0x00000003   PAD
    0x10000128   0x00000004   Data   RW          187    .data               sft_tmr.o
    0x1000012c   0x00000010   Data   RW          210    .data               sft_tmr_apps.o
    0x1000013c   0x0000001d   Data   RW          235    .data               timer32.o
    0x10000159   0x00000003   PAD
    0x1000015c   0x00000004   Data   RW          275    .data               wdt.o
    0x10000160   0x00000020   Data   RW          291    .data               gpio.o
    0x10000180   0x00000013   Data   RW          309    .data               uart.o
    0x10000193   0x00000001   PAD
    0x10000194   0x00000024   Data   RW          332    .data               dali_master.o
    0x100001b8   0x00000014   Data   RW          374    .data               dali_master_3rd.o
    0x100001cc   0x00000014   Data   RW          397    .data               dali_master_2nd.o
    0x100001e0   0x0000000e   Data   RW          432    .data               drv_keyscan.o
    0x100001ee   0x00000002   PAD
    0x100001f0   0x00000606   Zero   RW           48    .bss                main.o
    0x100007f6   0x00000002   PAD
    0x100007f8   0x000000c8   Zero   RW          185    .bss                sft_tmr.o
    0x100008c0   0x00000034   Zero   RW          307    .bss                uart.o
    0x100008f4   0x000010ca   Zero   RW          330    .bss                dali_master.o
    0x100019be   0x0000004a   Zero   RW          373    .bss                dali_master_3rd.o
    0x10001a08   0x0000004a   Zero   RW          396    .bss                dali_master_2nd.o
    0x10001a52   0x00000002   PAD
    0x10001a54   0x0000001c   Zero   RW          430    .bss                drv_keyscan.o
    0x10001a70   0x00000060   Zero   RW          497    .bss                c_p.l(libspace.o)
    0x10001ad0   0x00000000   Zero   RW            2    HEAP                startup_lpc11xx.o
    0x10001ad0   0x00000200   Zero   RW            1    STACK               startup_lpc11xx.o


==============================================================================

Image component sizes


      Code (inc. data)   RO Data    RW Data    ZI Data      Debug   Object Name

      6020        592        527         36       4298      18805   dali_master.o
      2408        160          0         20         74       6409   dali_master_2nd.o
      2436        168          0         20         74       9133   dali_master_3rd.o
       516         58          0         14         28       1788   drv_keyscan.o
      1240         66         16         32          0       4382   gpio.o
      1488         68          0          0          0       5038   i2c1.o
      2972        168          0         28       1542      20489   main.o
      6292        324          0        253          0      33653   pandali_cmd.o
       384         14          0          4        200       2939   sft_tmr.o
       364         98          0         16          0       4482   sft_tmr_apps.o
        56         26        192          0        512        820   startup_lpc11xx.o
       228         26          0         12          0      12705   system_lpc11xx.o
       976         62          0         29          0       6826   timer32.o
       668         56          0         19         52       5296   uart.o
        84         20          0          4          0       1076   wdt.o

    ----------------------------------------------------------------------
     26134       1906        768        496       6784     133841   Object Totals
         0          0         32          0          0          0   (incl. Generated)
         2          0          1          9          4          0   (incl. Padding)

    ----------------------------------------------------------------------

      Code (inc. data)   RO Data    RW Data    ZI Data      Debug   Library Member Name

        86          0          0          0          0          0   __dczerorl2.o
         8          0          0          0          0         68   __main.o
         0          0          0          0          0          0   __rtentry.o
        12          0          0          0          0          0   __rtentry2.o
         6          0          0          0          0          0   __rtentry4.o
        60          8          0          0          0          0   __scatter.o
        28          0          0          0          0          0   __scatter_zi.o
       346          0          0          0          0         92   aeabi_sdiv.o
        12          0          0          0          0         64   exit.o
         6          0          0          0          0        136   heapauxi.o
         0          0          0          0          0          0   indicate_semi.o
         2          0          0          0          0          0   libinit.o
         2          0          0          0          0          0   libinit2.o
         2          0          0          0          0          0   libshutdown.o
         2          0          0          0          0          0   libshutdown2.o
         8          4          0          0         96         68   libspace.o
         2          0          0          0          0          0   rtexit.o
        10          0          0          0          0          0   rtexit2.o
        12          4          0          0          0         60   sys_exit.o
        62          0          0          0          0         80   sys_stackheap_outer.o
         2          0          0          0          0         68   use_no_semi.o

    ----------------------------------------------------------------------
       674         16          0          0         96        636   Library Totals
         6          0          0          0          0          0   (incl. Padding)

    ----------------------------------------------------------------------

      Code (inc. data)   RO Data    RW Data    ZI Data      Debug   Library Name

       668         16          0          0         96        636   c_p.l

    ----------------------------------------------------------------------
       674         16          0          0         96        636   Library Totals

    ----------------------------------------------------------------------

==============================================================================


      Code (inc. data)   RO Data    RW Data    ZI Data      Debug   

     26808       1922        768        496       6880     133193   Grand Totals
     26808       1922        768        180       6880     133193   ELF Image Totals (compressed)
     26808       1922        768        180          0          0   ROM Totals

==============================================================================

    Total RO  Size (Code + RO Data)                27576 (  26.93kB)
    Total RW  Size (RW Data + ZI Data)              7376 (   7.20kB)
    Total ROM Size (Code + RO Data + RW Data)      27756 (  27.11kB)

==============================================================================

